[www.sysco.com/index.html]
[backblue.gif]
[fade.gif]
[index.html]
[www.sysco.com/.resources/site-sysco/assets/images/apple-touch-icon.png]
[www.sysco.com/.resources/site-sysco/assets/images/favicon-32x32.png]
[www.sysco.com/.resources/site-sysco/assets/images/favicon-16x16.png]
[use.typekit.net/pqh0dri.js]
[www.sysco.com/webjars/lazysizes/5.1.2/lazysizes.min.js]
[www.sysco.com/webjars/cookieconsent/3.1.1/build/cookieconsent.min.css]
[www.sysco.com/webjars/bootstrap/4.0.0/dist/css/bootstrap.min.css]
[www.sysco.com/webjars/font-awesome/4.7.0/css/font-awesome.min.css]
[www.sysco.com/webjars/swiper/4.1.6/dist/css/swiper.css]
[www.sysco.com/webjars/material-components-web/0.43.0/dist/material-components-web.min.css]
[www.sysco.com/.resources/site-sysco/assets/styles/jqApp.css]
[www.sysco.com/dam/jcr_ceb8578f-cb86-4446-9eaa-e0687b1efa83/Sysco-Logo-White1.png]
[www.sysco.com/dam/jcr_2ed25439-a58a-41d2-8306-dcf3761c7d95/Sysco-Logo-Color1.png]
[www.sysco.com/About/Company-Profile/The-Sysco-Story.html]
[www.sysco.com/About/Company-Profile/Our-Purpose.html]
[www.sysco.com/About/Company-Profile/Public-Policy-Engagement.html]
[www.sysco.com/About/Our-People/Our-Management.html]
[www.sysco.com/About/Our-People/Diversity-and-Inclusion.html]
[www.sysco.com/About/Our-People/FromSyscoCEO.html]
[www.sysco.com/About/Sysco-Today/News-Room.html]
[www.sysco.com/Products/Products/Product-Categories.html]
[www.sysco.com/Products/Products/Sysco-Brand-Family.html]
[www.sysco.com/Products/Products/Quality-Assurance.html]
[www.sysco.com/Products/Solutions-and-Services/Services.html]
[www.sysco.com/Products/Solutions-and-Services/Culinary-and-Product-Solutions.html]
[www.sysco.com/Products/Solutions-and-Services/Technology-Solutions.html]
[www.sysco.com/Products/Solutions-and-Services/Multicultural-Resources.html]
[www.sysco.com/Customers/Who-We-Serve/Restaurants.html]
[www.sysco.com/Customers/Who-We-Serve/Healthcare-and-Senior-Living.html]
[www.sysco.com/Customers/Who-We-Serve/Higher-Education.html]
[www.sysco.com/Customers/Who-We-Serve/Government.html]
[www.sysco.com/Customers/Who-We-Serve/Food-Service-Management.html]
[www.sysco.com/Customers/Who-We-Serve/Travel.html]
[www.sysco.com/Customers/Who-We-Serve/Leisure.html]
[www.sysco.com/Customers/Who-We-Serve/Retail.html]
[www.sysco.com/Suppliers/Supplier-Partnerships/Supplier-Resources.html]
[www.sysco.com/Suppliers/Supplier-Partnerships/Supplier-Diversity.html]
[www.sysco.com/Sustainability/Corporate-Social-Responsibility.html]
[www.sysco.com/Sustainability/People.html]
[www.sysco.com/Sustainability/Products.html]
[www.sysco.com/Sustainability/Planet.html]
[www.sysco.com/Contact/Contact/Become-A-Customer.html]
[www.sysco.com/Contact/Contact/Contact-Us.html]
[www.sysco.com/Contact/Contact/Our-Locations.html]
[www.sysco.com/.imaging/mte/site-sysco/1920/dam/Sysco/About/Corporate-Social-Responsibility/Background-image-2.JPG/jcr_content/Background image 2.jpg]
[www.sysco.com/.imaging/mte/site-sysco/1920/dam/Sysco/Homepage/cake-homepage-slider.png/jcr_content/cake-homepage-slider.jpg]
[www.sysco.com/.imaging/mte/site-sysco/1920/dam/Sysco/Homepage/simply-banner2.png/jcr_content/simply-banner2.jpg]
[www.sysco.com/.imaging/mte/site-sysco/1920/dam/Sysco/Homepage/foodie-banner-nov.png/jcr_content/foodie-banner-nov.jpg]
[www.sysco.com/.imaging/mte/site-sysco/1920/dam/Sysco/Homepage/Sysco.com-Banner-1.png/jcr_content/Sysco.com Banner 1.jpg]
[www.sysco.com/.imaging/mte/site-sysco/1920/dam/Sysco/Homepage/man-field.png/jcr_content/man-field.jpg]
[www.sysco.com/.imaging/mte/site-sysco/1920/dam/Sysco/Homepage/tractor.png/jcr_content/tractor.jpg]
[www.sysco.com/.imaging/mte/site-sysco/1920/dam/Sysco/Homepage/chef.png/jcr_content/chef.jpg]
[www.sysco.com/Contact/Contact/Become-A-Customer.html]
[www.sysco.com/.imaging/mte/site-sysco/1920/dam/Sysco/Homepage/truck.png/jcr_content/truck.jpg]
[www.sysco.com/.imaging/mte/site-sysco/1920/dam/Sysco/Homepage/houston-skyline.png/jcr_content/houston-skyline.jpg]
[www.sysco.com/Contact/Contact/Become-A-Customer.html]
[www.sysco.com/dam/jcr_d604081f-3334-4d87-93bb-a1f2c4c07731/Sysco-Logo-White_GreenLeaf.png]
[www.sysco.com/terms.html]
[www.sysco.com/Privacy-Policy.html]
[www.sysco.com/System-Usage-Policy.html]
[www.sysco.com/.resources/site-sysco/assets/scripts/outdatedbrowser/outdatedbrowser.min.js]
[www.sysco.com/webjars/cookieconsent/3.1.1/build/cookieconsent.min.js]
[www.sysco.com/webjars/jquery/3.2.1/dist/jquery.min.js]
[www.sysco.com/webjars/popper.js/1.13.0/dist/umd/popper.min.js]
[www.sysco.com/webjars/bootstrap/4.0.0/dist/js/bootstrap.min.js]
[www.sysco.com/webjars/swiper/4.1.6/dist/js/swiper.min.js]
[www.sysco.com/.resources/site-sysco/assets/scripts/jqApp.js]
[www.sysco.com/webjars/material-components-web/0.43.0/dist/material-components-web.min.js]
[www.sysco.com/webjars/css-vars-ponyfill/1.7.2/dist/css-vars-ponyfill.min.js]
[www.sysco.com/index.html]
[www.sysco.com/webjars/cookieconsent/3.1.1/build/cookieconsent.min.css]
[www.sysco.com/webjars/bootstrap/4.0.0/dist/css/bootstrap.min.css]
[www.sysco.com/webjars/font-awesome/4.7.0/fonts/fontawesome-webfont3e6e.eot]
[www.sysco.com/webjars/font-awesome/4.7.0/fonts/fontawesome-webfontd41d.eot]
[www.sysco.com/webjars/font-awesome/4.7.0/fonts/fontawesome-webfont3e6e.woff2]
